ID      Name                                    Email
0       Darrin_Kassulke                         Ignatius.Ritchie@hotmail.com
1       Rosalyn.Reichert36                      Homer42@gmail.com
2       Luis_Johns                              Bette.Little@yahoo.com
3       Joesph_Muller84                         Lindsay_Murazik@yahoo.com
4       Charles38                               Ethel.Ziemann@yahoo.com
5       Glenn_Langworth10                       Kathryne17@gmail.com
6       Lois_Yundt20                            Derick_Huels@hotmail.com
7       Ardella_Klein9                          Philip16@yahoo.com
8       Mary_Torphy                             Lance57@yahoo.com
9       Raven.Bode                              Rhonda_Adams@hotmail.com
